// Jest Snapshot v1, https://goo.gl/fbAQLP

exports[`Dashboard should match snapshot 1`] = `
<div>
  <div
    class="sc-feUYzb fJgaNg"
  >
    <div
      class="sc-ikkyvV hJsKvX"
    >
      <div>
        <label />
        <input
          class="sc-gFqAYk iiXdnO"
          placeholder="Digite um CPF válido"
          value=""
        />
        <span
          style="font-size: 12px; color: red;"
        />
      </div>
      <div
        class="sc-dAbbbq imatVj"
      >
        <button
          aria-label="refetch"
          class="sc-fPXMhL kSztpp"
        >
          <svg
            aria-hidden="true"
            fill="currentColor"
            height="1em"
            stroke="currentColor"
            stroke-width="0"
            viewBox="0 0 20 20"
            width="1em"
            xmlns="http://www.w3.org/2000/svg"
          >
            <path
              clip-rule="evenodd"
              d="M4 2a1 1 0 011 1v2.101a7.002 7.002 0 0111.601 2.566 1 1 0 11-1.885.666A5.002 5.002 0 005.999 7H9a1 1 0 010 2H4a1 1 0 01-1-1V3a1 1 0 011-1zm.008 9.057a1 1 0 011.276.61A5.002 5.002 0 0014.001 13H11a1 1 0 110-2h5a1 1 0 011 1v5a1 1 0 11-2 0v-2.101a7.002 7.002 0 01-11.601-2.566 1 1 0 01.61-1.276z"
              fill-rule="evenodd"
            />
          </svg>
        </button>
        <button
          class="sc-eqUzNf gvJhSY"
        >
          Nova Admissão
        </button>
      </div>
    </div>
    <div
      class="sc-cPiJYC bIIxTq"
    >
      <div
        class="sc-dLNtp gESJjk"
        status="REVIEW"
      >
        <h3
          class="sc-eDPFhE gdhPIh"
          status="REVIEW"
        >
          Pronto para revisar
        </h3>
        <div
          class="sc-eldOKa eshMLC"
        />
      </div>
      <div
        class="sc-dLNtp eKXDQu"
        status="APPROVED"
      >
        <h3
          class="sc-eDPFhE eNPYHR"
          status="APPROVED"
        >
          Aprovado
        </h3>
        <div
          class="sc-eldOKa eshMLC"
        />
      </div>
      <div
        class="sc-dLNtp kLyuzh"
        status="REPROVED"
      >
        <h3
          class="sc-eDPFhE jHYkNV"
          status="REPROVED"
        >
          Reprovado
        </h3>
        <div
          class="sc-eldOKa eshMLC"
        />
      </div>
      <dialog
        class="sc-dcJtft hrjiJ"
      >
        <button
          class="sc-gsFSjX kCGGWG"
        >
          <svg
            fill="none"
            height="1em"
            stroke="currentColor"
            stroke-width="0"
            viewBox="0 0 24 24"
            width="1em"
            xmlns="http://www.w3.org/2000/svg"
          >
            <path
              d="M6.2253 4.81108C5.83477 4.42056 5.20161 4.42056 4.81108 4.81108C4.42056 5.20161 4.42056 5.83477 4.81108 6.2253L10.5858 12L4.81114 17.7747C4.42062 18.1652 4.42062 18.7984 4.81114 19.1889C5.20167 19.5794 5.83483 19.5794 6.22535 19.1889L12 13.4142L17.7747 19.1889C18.1652 19.5794 18.7984 19.5794 19.1889 19.1889C19.5794 18.7984 19.5794 18.1652 19.1889 17.7747L13.4142 12L19.189 6.2253C19.5795 5.83477 19.5795 5.20161 19.189 4.81108C18.7985 4.42056 18.1653 4.42056 17.7748 4.81108L12 10.5858L6.2253 4.81108Z"
              fill="currentColor"
            />
          </svg>
        </button>
        <div
          class="sc-iGgVNO kPMHuE"
        >
          <header
            class="sc-kAycRU dcFgST"
          >
            <h2
              class="sc-imWZod hHovnE"
            >
              Alterar status
            </h2>
          </header>
          <div
            class="sc-jXbVAB"
          >
            <p
              class="sc-dhKdPU dDmOMw"
            >
              Você está alterando o status de
               
              <strong />
               de
               
              <strong>
                Pronto para revisar
              </strong>
               para
               
              <strong>
                Pronto para revisar
              </strong>
              .
            </p>
          </div>
          <footer
            class="sc-kpDprT KUcKe"
          >
            <button
              class="sc-eqUzNf gvJhSY"
              type="button"
            >
              Confirmar
            </button>
          </footer>
        </div>
      </dialog>
      <dialog
        class="sc-dcJtft hrjiJ"
      >
        <button
          class="sc-gsFSjX kCGGWG"
        >
          <svg
            fill="none"
            height="1em"
            stroke="currentColor"
            stroke-width="0"
            viewBox="0 0 24 24"
            width="1em"
            xmlns="http://www.w3.org/2000/svg"
          >
            <path
              d="M6.2253 4.81108C5.83477 4.42056 5.20161 4.42056 4.81108 4.81108C4.42056 5.20161 4.42056 5.83477 4.81108 6.2253L10.5858 12L4.81114 17.7747C4.42062 18.1652 4.42062 18.7984 4.81114 19.1889C5.20167 19.5794 5.83483 19.5794 6.22535 19.1889L12 13.4142L17.7747 19.1889C18.1652 19.5794 18.7984 19.5794 19.1889 19.1889C19.5794 18.7984 19.5794 18.1652 19.1889 17.7747L13.4142 12L19.189 6.2253C19.5795 5.83477 19.5795 5.20161 19.189 4.81108C18.7985 4.42056 18.1653 4.42056 17.7748 4.81108L12 10.5858L6.2253 4.81108Z"
              fill="currentColor"
            />
          </svg>
        </button>
        <div
          class="sc-iGgVNO kPMHuE"
        >
          <header
            class="sc-kAycRU dcFgST"
          >
            <h2
              class="sc-imWZod hHovnE"
            >
              Remover registro
            </h2>
          </header>
          <div
            class="sc-jXbVAB"
          >
            <p
              class="sc-dhKdPU dDmOMw"
            >
              Você está removendo o registro de
               
              <strong />
               do board.
            </p>
          </div>
          <footer
            class="sc-kpDprT KUcKe"
          >
            <button
              class="sc-eqUzNf gvJhSY"
              type="button"
            >
              Confirmar
            </button>
          </footer>
        </div>
      </dialog>
    </div>
    <dialog
      class="sc-dcJtft hrjiJ"
    >
      <button
        class="sc-gsFSjX kCGGWG"
      >
        <svg
          fill="none"
          height="1em"
          stroke="currentColor"
          stroke-width="0"
          viewBox="0 0 24 24"
          width="1em"
          xmlns="http://www.w3.org/2000/svg"
        >
          <path
            d="M6.2253 4.81108C5.83477 4.42056 5.20161 4.42056 4.81108 4.81108C4.42056 5.20161 4.42056 5.83477 4.81108 6.2253L10.5858 12L4.81114 17.7747C4.42062 18.1652 4.42062 18.7984 4.81114 19.1889C5.20167 19.5794 5.83483 19.5794 6.22535 19.1889L12 13.4142L17.7747 19.1889C18.1652 19.5794 18.7984 19.5794 19.1889 19.1889C19.5794 18.7984 19.5794 18.1652 19.1889 17.7747L13.4142 12L19.189 6.2253C19.5795 5.83477 19.5795 5.20161 19.189 4.81108C18.7985 4.42056 18.1653 4.42056 17.7748 4.81108L12 10.5858L6.2253 4.81108Z"
            fill="currentColor"
          />
        </svg>
      </button>
      <div
        class="sc-iGgVNO kPMHuE"
      >
        <header
          class="sc-kAycRU dcFgST"
        >
          <h2
            class="sc-imWZod hHovnE"
          >
            Atualizar registros
          </h2>
        </header>
        <div
          class="sc-jXbVAB"
        >
          <p
            class="sc-dhKdPU dDmOMw"
          >
            Você irá recarregar as informações do dashboard.
          </p>
        </div>
        <footer
          class="sc-kpDprT KUcKe"
        >
          <button
            class="sc-eqUzNf gvJhSY"
            type="button"
          >
            Confirmar
          </button>
        </footer>
      </div>
    </dialog>
  </div>
  <div
    class="sc-aYaIB jZrxtb"
  >
    <div
      class="sc-gEvDqW gEDMht"
    />
  </div>
</div>
`;
